// Jest Snapshot v1, https://goo.gl/fbAQLP

exports[`matches snapshot 1`] = `
<div
  className="my-button"
  data-testid="button"
>
  hello 
  save
</div>
`;
